Minimum in the potential energy:
-115.61186316
Invariance of current potential...
Potential before transformations:
1.9431011261409054e20
Symmetry Operation E: 0.0
Symmetry Operation (123): 4.384578797975638e-15
Symmetry Operation (132): -6.745505843039443e-15
Symmetry Operation (12)*: 4.72185409012761e-15
Symmetry Operation (23)*: 0.0
Symmetry Operation (13)*: -7.0827811351914156e-15
Initializing fit coordinates...
  0.271221 seconds (859.43 k allocations: 123.456 MiB, 11.92% gc time, 74.68% compilation time)
Done!
Begin fitting...
  0.238723 seconds (255.65 k allocations: 161.557 MiB, 18.33% gc time, 29.03% compilation time)
Done!
Parameters of fit:
f  0 0 0 0 0 0 0 0 0 0 0 0   4.3905063993151065e15
f  0 0 0 0 0 0 0 0 0 0 0 3   -1.3603602391725726e9
f  0 0 0 0 0 0 0 0 0 0 0 6   -3.690848159183748e9
f  0 0 0 0 0 0 0 0 0 0 0 9   -1.0648223431733397e8
f  0 0 0 0 0 0 0 0 0 0 0 12   -1.0564333771818137e9
f  0 0 0 0 0 0 0 0 0 0 0 18   -5.862067096783651e8
f  0 0 0 1 0 0 0 0 0 0 0 1   -1.127468695076406e8
f  0 0 0 0 0 0 0 1 0 0 0 1   -1.2203270126107206e9
f  2 0 0 0 0 0 0 0 0 0 0 0   -4.558897207082743e9
f  0 2 0 0 0 0 0 0 0 0 0 0   -6.180619662838261e9
f  0 0 2 0 0 0 0 0 0 0 0 0   -5.744641835258715e9
f  0 0 0 2 0 0 0 0 0 0 0 1   4.411937933736936e8
f  0 0 0 0 0 2 0 0 0 0 0 0   -2.682877041632939e9
f  0 0 0 0 0 0 2 0 0 0 0 0   -1.237593749114191e10
f  0 0 0 0 0 0 0 2 0 0 0 1   4.1059617170800316e8
f  3 0 0 0 0 0 0 0 0 0 0 0   6.899392523205738e8
f  0 3 0 0 0 0 0 0 0 0 0 0   4.217956409633895e9
f  0 0 3 0 0 0 0 0 0 0 0 0   -2.541462177025394e9
f  0 0 0 3 0 0 0 0 0 0 0 1   5.111347988406448e9
f  0 0 0 0 0 3 0 0 0 0 0 0   -1.3707566926814606e9
f  0 0 0 0 0 0 3 0 0 0 0 0   -9.943887355448927e9
f  0 0 0 0 0 0 0 3 0 0 0 1   1.0211648774309169e11
f  4 0 0 0 0 0 0 0 0 0 0 0   1.2342147705655682e11
f  0 4 0 0 0 0 0 0 0 0 0 0   1.8920577563233694e11
f  0 0 4 0 0 0 0 0 0 0 0 0   6.701285890571269e10
f  0 0 0 4 0 0 0 0 0 0 0 1   -8.645725539093342e9
f  0 0 0 0 0 4 0 0 0 0 0 0   3.2195829714733406e10
f  0 0 0 0 0 0 4 0 0 0 0 0   2.3384285755522964e11
f  0 0 0 0 0 0 0 4 0 0 0 1   2.462259884547516e11
f  5 0 0 0 0 0 0 0 0 0 0 0   -1.3396457001103895e10
f  0 5 0 0 0 0 0 0 0 0 0 0   -9.88379091624271e10
f  0 0 5 0 0 0 0 0 0 0 0 0   5.072838034483121e10
f  0 0 0 5 0 0 0 0 0 0 0 1   -5.894797844961096e10
f  0 0 0 0 0 5 0 0 0 0 0 0   1.6925525337264482e10
f  0 0 0 0 0 0 5 0 0 0 0 0   9.618453893106639e10
f  0 0 0 0 0 0 0 5 0 0 0 1   -1.4055448027366985e12
f  6 0 0 0 0 0 0 0 0 0 0 0   -1.1437939935707485e12
f  0 6 0 0 0 0 0 0 0 0 0 0   -1.9955312412544185e12
f  0 0 6 0 0 0 0 0 0 0 0 0   -2.0708691234157184e11
f  0 0 0 6 0 0 0 0 0 0 0 1   3.544343712126384e10
f  0 0 0 0 0 6 0 0 0 0 0 0   -1.214211046914597e11
f  0 0 0 0 0 0 6 0 0 0 0 0   -1.412259815852014e12
f  0 0 0 0 0 0 0 6 0 0 0 1   -3.444172974597474e12
f  7 0 0 0 0 0 0 0 0 0 0 0   6.433743505483145e10
f  0 7 0 0 0 0 0 0 0 0 0 0   5.214335243078503e11
f  0 0 7 0 0 0 0 0 0 0 0 0   -2.0445423945334308e11
f  0 0 0 7 0 0 0 0 0 0 0 1   1.801449186173922e11
f  0 0 0 0 0 7 0 0 0 0 0 0   -4.3653473001131035e10
f  0 0 0 0 0 0 7 0 0 0 0 0   -1.6595629136823492e11
f  0 0 0 0 0 0 0 7 0 0 0 1   4.403922959423059e12
f  8 0 0 0 0 0 0 0 0 0 0 0   3.2255145162435654e12
f  0 8 0 0 0 0 0 0 0 0 0 0   6.693391638103144e12
f  0 0 0 0 0 8 0 0 0 0 0 0   1.3732612238742296e11
f  0 0 0 0 0 0 8 0 0 0 0 0   2.551829373208273e12
f  0 0 0 0 0 0 0 8 0 0 0 1   1.0051052928887562e13
f  0 0 0 0 0 0 0 0 0 2 0 0   -9.78477217679217e12
f  0 0 0 0 0 0 0 0 0 2 0 1   2.8277579112735344e13
f  0 0 0 0 0 0 0 0 0 4 0 0   -5.848811948630058e8
f  0 0 0 0 0 0 0 0 0 4 0 1   4.18939635284479e9
f  0 0 0 0 0 0 0 0 0 5 0 0   1.1282583202386003e6
f  0 0 0 0 0 0 0 0 0 7 0 0   642.9247528682301
f  0 0 0 0 0 0 0 0 0 8 0 0   42.34118163037772
f  0 0 0 0 0 0 0 0 0 8 0 1   -77.25357939699835
f  0 0 0 0 0 0 0 0 0 1 2 0   -1.4983240218805386e11
h  0 0 0 0 0 0 0 0 0 2 1 1   2.1536555387842276e11
h  0 0 0 0 0 0 0 0 0 4 1 1   8.91621964453763e7
f  0 0 0 0 0 0 0 0 0 4 2 0   -424105.8071705571
f  0 0 0 0 0 0 0 0 0 2 4 0   -4113.975949958382
Displaying energies at grid
131×6 DataFrame
 Row │ localModes                         E          weight    xi                                 fittedEnergies  obsMinusCalc
     │ Array…                             Float64    Float64   Array…                             Float64         Float64
─────┼────────────────────────────────────────────────────────────────────────────────────────────────────────────────────────────
   1 │ [1.42078, 0.960139, 1.08924, 1.0…    55.1386  1.0       [0.0056016, 0.00648689, -0.00767…       4.02406e7       -4.02406e7
   2 │ [1.39578, 0.960139, 1.08924, 1.0…   144.076   1.0       [-0.0418816, 0.00648689, -0.0076…       3.27115e7       -3.27113e7
   3 │ [1.44578, 0.960139, 1.08924, 1.0…   140.367   1.0       [0.0509208, 0.00648689, -0.00767…       2.94591e7       -2.9459e7
   4 │ [1.47078, 0.960139, 1.08924, 1.0…   376.353   1.0       [0.0941745, 0.00648689, -0.00767…       9.3625e6        -9.36213e6
   5 │ [1.37078, 0.960139, 1.08924, 1.0…   433.671   1.0       [-0.0916321, 0.00648689, -0.0076…       9.69736e6       -9.69693e6
   6 │ [1.32078, 0.960139, 1.08924, 1.0…  1738.77    1.0       [-0.198373, 0.00648689, -0.00767…      -1.19059e7        1.19077e7
   7 │ [1.52078, 0.960139, 1.08924, 1.0…  1220.17    1.0       [0.174858, 0.00648689, -0.007671…      -1.16799e7        1.16811e7
   8 │ [1.54578, 0.960139, 1.08924, 1.0…  1793.47    1.0       [0.212463, 0.00648689, -0.007671…      -3.65603e6        3.65782e6
   9 │ [1.29578, 0.960139, 1.08924, 1.0…  2826.77    1.0       [-0.255597, 0.00648689, -0.00767…       7.6553e6        -7.65248e6
  10 │ [1.57078, 0.960139, 1.08924, 1.0…  2447.92    1.0       [0.248355, 0.00648689, -0.007671…       8.68486e6       -8.68241e6
  11 │ [1.27078, 0.960139, 1.08924, 1.0…  4261.62    0.999997  [-0.315552, 0.00648689, -0.00767…      -1.79828e6        1.80254e6
  12 │ [1.62078, 0.960139, 1.08924, 1.0…  3950.88    0.999998  [0.315305, 0.00648689, -0.007671…      -1.98184e6        1.98579e6
  13 │ [1.22078, 0.960139, 1.08924, 1.0…  8377.12    0.999647  [-0.444189, 0.00648689, -0.00767…   80646.8         -72269.7
  14 │ [1.72078, 0.960139, 1.08924, 1.0…  7459.05    0.999883  [0.431847, 0.00648689, -0.007671…       1.25023e5       -1.17564e5
  15 │ [1.42078, 0.935139, 1.08924, 1.0…   162.83    1.0       [0.0056016, -0.052096, -0.007671…       2.45202e7       -2.45201e7
  16 │ [1.42078, 0.985139, 1.08924, 1.0…   207.063   1.0       [0.0056016, 0.0618078, -0.007671…       2.04481e7       -2.04479e7
  17 │ [1.42078, 1.01014, 1.08924, 1.08…   576.156   1.0       [0.0056016, 0.114048, -0.0076718…      -7.60072e6        7.6013e6
  18 │ [1.42078, 0.910139, 1.08924, 1.0…   579.703   1.0       [0.0056016, -0.114133, -0.007671…      -1.66128e7        1.66134e7
  19 │ [1.42078, 0.860139, 1.08924, 1.0…  2582.78    1.0       [0.0056016, -0.249398, -0.007671…       6.68985e6       -6.68726e6
  20 │ [1.42078, 1.06014, 1.08924, 1.08…  1825.42    1.0       [0.0056016, 0.209965, -0.0076718…      -1.85595e6        1.85777e6
  21 │ [1.42078, 1.08514, 1.08924, 1.08…  2647.52    1.0       [0.0056016, 0.253955, -0.0076718…       9.56655e6       -9.5639e6
  22 │ [1.42078, 0.835139, 1.08924, 1.0…  4316.53    0.999997  [0.0056016, -0.323069, -0.007671…      -3.96514e6        3.96945e6
  23 │ [1.42078, 1.11014, 1.08924, 1.08…  3569.21    0.999999  [0.0056016, 0.295497, -0.0076718…      -7.28783e6        7.29139e6
  24 │ [1.42078, 0.810139, 1.08924, 1.0…  6658.61    0.999955  [0.0056016, -0.401084, -0.007671…       7.88967e5       -7.82308e5
  25 │ [1.42078, 1.16014, 1.08924, 1.08…  5634.72    0.999987  [0.0056016, 0.371769, -0.0076718…       1.06185e6       -1.05622e6
  26 │ [1.42078, 0.960139, 1.06424, 1.0…   168.107   1.0       [0.0056016, 0.00648689, -0.05784…       3.38418e7       -3.38416e7
  27 │ [1.42078, 0.960139, 1.11424, 1.0…   107.628   1.0       [0.0056016, 0.00648689, 0.040118…       3.76422e7       -3.76421e7
  28 │ [1.42078, 0.960139, 1.13924, 1.0…   302.814   1.0       [0.0056016, 0.00648689, 0.085642…       2.74272e7       -2.74269e7
  29 │ [1.42078, 0.960139, 1.03924, 1.0…   472.443   1.0       [0.0056016, 0.00648689, -0.11050…       2.02377e7       -2.02372e7
  30 │ [1.42078, 0.960139, 0.989243, 1.…  1777.55    1.0       [0.0056016, 0.00648689, -0.22384…      -6.27315e6        6.27492e6
  31 │ [1.42078, 0.960139, 1.18924, 1.0…  1043.69    1.0       [0.0056016, 0.00648689, 0.170315…      -4.48121e5        4.49165e5
  32 │ [1.42078, 0.960139, 1.21424, 1.0…  1556.32    1.0       [0.0056016, 0.00648689, 0.209664…      -9.32655e6        9.32811e6
  33 │ [1.42078, 0.960139, 0.964243, 1.…  2850.52    1.0       [0.0056016, 0.00648689, -0.28477…      -6.10391e6        6.10676e6
  34 │ [1.42078, 0.960139, 1.23924, 1.0…  2144.95    1.0       [0.0056016, 0.00648689, 0.247147…      -1.06173e7        1.06194e7
  35 │ [1.42078, 0.960139, 0.939243, 1.…  4260.64    0.999997  [0.0056016, 0.00648689, -0.34873…       4.96665e6       -4.96239e6
  36 │ [1.42078, 0.960139, 1.28924, 1.0…  3503.64    0.999999  [0.0056016, 0.00648689, 0.316864…       9.56932e6       -9.56582e6
  37 │ [1.42078, 0.960139, 0.889243, 1.…  8301.59    0.999678  [0.0056016, 0.00648689, -0.48638…      -3.95153e5        4.03455e5
  38 │ [1.42078, 0.960139, 1.38924, 1.0…  6691.71    0.999953  [0.0056016, 0.00648689, 0.437527…      -1.05607e6        1.06276e6
  39 │ [1.42078, 0.960139, 1.08924, 1.0…   121.477   1.0       [0.0056016, 0.00648689, -0.00767…       3.53573e7       -3.53572e7
  40 │ [1.42078, 0.960139, 1.08924, 1.1…   156.97    1.0       [0.0056016, 0.00648689, -0.00767…       3.65422e7       -3.6542e7
  41 │ [1.42078, 0.960139, 1.08924, 1.1…   404.138   1.0       [0.0056016, 0.00648689, -0.00767…       2.62236e7       -2.62232e7
  42 │ [1.42078, 0.960139, 1.08924, 1.0…   381.967   1.0       [0.0056016, 0.00648689, -0.00767…       2.26805e7       -2.26801e7
  43 │ [1.42078, 0.960139, 1.08924, 0.9…  1607.94    1.0       [0.0056016, 0.00648689, -0.00767…      -6.28934e6        6.29095e6
  44 │ [1.42078, 0.960139, 1.08924, 1.1…  1256.54    1.0       [0.0056016, 0.00648689, -0.00767…       5.14439e5       -5.13182e5
  45 │ [1.42078, 0.960139, 1.08924, 1.2…  1828.5     1.0       [0.0056016, 0.00648689, -0.00767…      -7.42516e6        7.42699e6
  46 │ [1.42078, 0.960139, 1.08924, 0.9…  2645.72    1.0       [0.0056016, 0.00648689, -0.00767…      -7.59399e6        7.59664e6
  47 │ [1.42078, 0.960139, 1.08924, 1.2…  2478.71    1.0       [0.0056016, 0.00648689, -0.00767…      -8.87531e6        8.87779e6
  48 │ [1.42078, 0.960139, 1.08924, 0.9…  4023.61    0.999998  [0.0056016, 0.00648689, -0.00767…       5.52513e6       -5.5211e6
  49 │ [1.42078, 0.960139, 1.08924, 1.2…  3966.76    0.999998  [0.0056016, 0.00648689, -0.00767…       6.69317e6       -6.6892e6
  50 │ [1.42078, 0.960139, 1.08924, 0.8…  8009.06    0.999773  [0.0056016, 0.00648689, -0.00767…      -3.61081e5        3.6909e5
  51 │ [1.42078, 0.960139, 1.08924, 1.3…  7434.31    0.999886  [0.0056016, 0.00648689, -0.00767…      -5.72753e5        5.80188e5
  52 │ [1.42078, 0.960139, 1.08924, 1.0…    67.0363  1.0       [0.0056016, 0.00648689, -0.00767…       3.95444e7       -3.95443e7
  53 │ [1.42078, 0.960139, 1.08924, 1.0…    55.2286  1.0       [0.0056016, 0.00648689, -0.00767…       3.93119e7       -3.93119e7
  54 │ [1.42078, 0.960139, 1.08924, 1.0…   106.818   1.0       [0.0056016, 0.00648689, -0.00767…       3.5445e7        -3.54449e7
  55 │ [1.42078, 0.960139, 1.08924, 1.0…    78.3788  1.0       [0.0056016, 0.00648689, -0.00767…       3.50737e7       -3.50736e7
  56 │ [1.42078, 0.960139, 1.08924, 1.0…   229.496   1.0       [0.0056016, 0.00648689, -0.00767…       2.13472e7       -2.1347e7
  57 │ [1.42078, 0.960139, 1.08924, 1.0…   180.342   1.0       [0.0056016, 0.00648689, -0.00767…       2.1975e7        -2.19748e7
  58 │ [1.42078, 0.960139, 1.08924, 1.0…   419.133   1.0       [0.0056016, 0.00648689, -0.00767…       1.32443e6       -1.32401e6
  59 │ [1.42078, 0.960139, 1.08924, 1.0…   364.743   1.0       [0.0056016, 0.00648689, -0.00767…       5.05868e6       -5.05831e6
  60 │ [1.42078, 0.960139, 1.08924, 1.0…   671.555   1.0       [0.0056016, 0.00648689, -0.00767…      -1.91195e7        1.91202e7
  61 │ [1.42078, 0.960139, 1.08924, 1.0…   635.195   1.0       [0.0056016, 0.00648689, -0.00767…      -1.05645e7        1.05651e7
  62 │ [1.42078, 0.960139, 1.08924, 1.0…  2220.11    1.0       [0.0056016, 0.00648689, -0.00767…       2.85004e6       -2.84782e6
  63 │ [1.42078, 0.960139, 1.08924, 1.0…  2647.13    1.0       [0.0056016, 0.00648689, -0.00767…       5.39303e5       -5.36656e5
  64 │ [1.42078, 0.960139, 1.08924, 1.0…  4394.54    0.999997  [0.0056016, 0.00648689, -0.00767…      -3.74713e5        3.79108e5
  65 │ [1.42078, 0.960139, 1.08924, 1.0…  6308.1     0.999971  [0.0056016, 0.00648689, -0.00767…  -33065.2          39373.3
  66 │ [1.42078, 0.960139, 1.08924, 1.0…  9126.33    0.999133  [0.0056016, 0.00648689, -0.00767…   16198.8          -7072.44
  67 │ [1.42078, 0.960139, 1.08924, 1.0…    41.4719  1.0       [0.0056016, 0.00648689, -0.00767…       4.61977e7       -4.61977e7
  68 │ [1.42078, 0.960139, 1.08924, 1.0…    86.3984  1.0       [0.0056016, 0.00648689, -0.00767…       3.30315e7       -3.30314e7
  69 │ [1.42078, 0.960139, 1.08924, 1.0…    53.6901  1.0       [0.0056016, 0.00648689, -0.00767…       5.15637e7       -5.15636e7
  70 │ [1.42078, 0.960139, 1.08924, 1.0…   166.553   1.0       [0.0056016, 0.00648689, -0.00767…       2.12157e7       -2.12155e7
  71 │ [1.42078, 0.960139, 1.08924, 1.0…   160.359   1.0       [0.0056016, 0.00648689, -0.00767…       4.75241e7       -4.7524e7
  72 │ [1.42078, 0.960139, 1.08924, 1.0…   389.96    1.0       [0.0056016, 0.00648689, -0.00767…       3.88349e6       -3.8831e6
  73 │ [1.42078, 0.960139, 1.08924, 1.0…   373.48    1.0       [0.0056016, 0.00648689, -0.00767…       2.52755e7       -2.52751e7
  74 │ [1.42078, 0.960139, 1.08924, 1.0…   727.576   1.0       [0.0056016, 0.00648689, -0.00767…      -3.96639e6        3.96712e6
  75 │ [1.42078, 0.960139, 1.08924, 1.0…   691.562   1.0       [0.0056016, 0.00648689, -0.00767…      -1.10391e7        1.10398e7
  76 │ [1.42078, 0.960139, 1.08924, 1.0…  1181.78    1.0       [0.0056016, 0.00648689, -0.00767…       9.01895e5  -900713.0
  77 │ [1.42078, 0.960139, 1.08924, 1.0…  2988.92    0.999999  [0.0056016, 0.00648689, -0.00767…       2.28567e5       -2.25578e5
  78 │ [1.42078, 0.960139, 1.08924, 1.0…  4216.59    0.999998  [0.0056016, 0.00648689, -0.00767…   -6905.23         11121.8
  79 │ [1.42078, 0.960139, 1.08924, 1.0…  6880.22    0.999941  [0.0056016, 0.00648689, -0.00767…   -5009.23         11889.5
  80 │ [1.42078, 0.960139, 1.08924, 1.0…  9322.72    0.998903  [0.0056016, 0.00648689, -0.00767…   10310.8           -988.042
  81 │ [1.42078, 0.960139, 1.08924, 1.0…   106.103   1.0       [0.0056016, 0.00648689, -0.00767…       4.22041e7       -4.2204e7
  82 │ [1.42078, 0.960139, 1.08924, 1.0…    20.6306  1.0       [0.0056016, 0.00648689, -0.00767…       3.56398e7       -3.56398e7
  83 │ [1.42078, 0.960139, 1.08924, 1.0…   213.134   1.0       [0.0056016, 0.00648689, -0.00767…       3.99581e7       -3.99579e7
  84 │ [1.42078, 0.960139, 1.08924, 1.0…     0.0     1.0       [0.0056016, 0.00648689, -0.00767…       2.48266e7       -2.48266e7
  85 │ [1.42078, 0.960139, 1.08924, 1.0…   472.145   1.0       [0.0056016, 0.00648689, -0.00767…       2.50059e7       -2.50054e7
  86 │ [1.42078, 0.960139, 1.08924, 1.0…    49.7768  1.0       [0.0056016, 0.00648689, -0.00767…       3.23921e6       -3.23916e6
  87 │ [1.42078, 0.960139, 1.08924, 1.0…   830.54    1.0       [0.0056016, 0.00648689, -0.00767…       5.95306e6       -5.95223e6
  88 │ [1.42078, 0.960139, 1.08924, 1.0…   206.778   1.0       [0.0056016, 0.00648689, -0.00767…      -8.65315e6        8.65336e6
  89 │ [1.42078, 0.960139, 1.08924, 1.0…  1286.86    1.0       [0.0056016, 0.00648689, -0.00767…      -2.96564e6        2.96693e6
  90 │ [1.42078, 0.960139, 1.08924, 1.0…   473.569   1.0       [0.0056016, 0.00648689, -0.00767…       2.93423e6       -2.93376e6
  91 │ [1.42078, 0.960139, 1.08924, 1.0…  4067.26    0.999998  [0.0056016, 0.00648689, -0.00767…   67342.8         -63275.5
  92 │ [1.42078, 0.960139, 1.08924, 1.0…  2699.53    1.0       [0.0056016, 0.00648689, -0.00767…  -41481.2          44180.8
  93 │ [1.42078, 0.960139, 1.08924, 1.0…  8327.14    0.999667  [0.0056016, 0.00648689, -0.00767…    4982.77          3344.38
  94 │ [1.42078, 0.960139, 1.08924, 1.0…  6955.27    0.999936  [0.0056016, 0.00648689, -0.00767…    8870.77         -1915.5
  95 │ [1.42078, 0.960139, 1.08924, 1.0…    61.6394  1.0       [0.0056016, 0.00648689, -0.00767…       4.49818e7       -4.49818e7
  96 │ [1.42078, 0.960139, 1.08924, 1.0…    54.6228  1.0       [0.0056016, 0.00648689, -0.00767…       3.505e7         -3.50499e7
  97 │ [1.42078, 0.960139, 1.08924, 1.0…    82.5071  1.0       [0.0056016, 0.00648689, -0.00767…       5.1204e7        -5.12039e7
  98 │ [1.42078, 0.960139, 1.08924, 1.0…    65.1686  1.0       [0.0056016, 0.00648689, -0.00767…       2.64756e7       -2.64755e7
  99 │ [1.42078, 0.960139, 1.08924, 1.0…   146.554   1.0       [0.0056016, 0.00648689, -0.00767…       5.90541e7       -5.90539e7
 100 │ [1.42078, 0.960139, 1.08924, 1.0…   113.315   1.0       [0.0056016, 0.00648689, -0.00767…       1.032e7         -1.03199e7
 101 │ [1.42078, 0.960139, 1.08924, 1.0…   246.56    1.0       [0.0056016, 0.00648689, -0.00767…       6.35783e7       -6.3578e7
 102 │ [1.42078, 0.960139, 1.08924, 1.0…   200.299   1.0       [0.0056016, 0.00648689, -0.00767…      -7.71502e6        7.71522e6
 103 │ [1.42078, 0.960139, 1.08924, 1.0…   381.802   1.0       [0.0056016, 0.00648689, -0.00767…       6.46625e7       -6.46621e7
 104 │ [1.42078, 0.960139, 1.08924, 1.0…   326.85    1.0       [0.0056016, 0.00648689, -0.00767…      -2.70177e7        2.7018e7
 105 │ [1.42078, 0.960139, 1.08924, 1.0…  4479.12    0.999997  [0.0056016, 0.00648689, -0.00767…      -9.97916e7        9.97961e7
 106 │ [1.42078, 0.960139, 1.08924, 1.0…  5205.53    0.999992  [0.0056016, 0.00648689, -0.00767…       4.49542e6       -4.49022e6
 107 │ [1.42078, 0.960139, 1.08924, 1.0…  9275.58    0.998963  [0.0056016, 0.00648689, -0.00767…       4.01296e7       -4.01204e7
 108 │ [1.42078, 0.960139, 1.08924, 1.0…    52.0616  1.0       [0.0056016, 0.00648689, -0.00767…       3.46466e8       -3.46466e8
 109 │ [1.42078, 0.960139, 1.08924, 1.0…    64.2402  1.0       [0.0056016, 0.00648689, -0.00767…      -2.69315e8        2.69315e8
 110 │ [1.42078, 0.960139, 1.08924, 1.0…    58.7358  1.0       [0.0056016, 0.00648689, -0.00767…       7.96766e8       -7.96766e8
 111 │ [1.42078, 0.960139, 1.08924, 1.0…    89.1967  1.0       [0.0056016, 0.00648689, -0.00767…      -7.37042e8        7.37042e8
 112 │ [1.42078, 0.960139, 1.08924, 1.0…    99.9466  1.0       [0.0056016, 0.00648689, -0.00767…       1.51281e9       -1.51281e9
 113 │ [1.42078, 0.960139, 1.08924, 1.0…   160.954   1.0       [0.0056016, 0.00648689, -0.00767…      -1.51448e9        1.51448e9
 114 │ [1.42078, 0.960139, 1.08924, 1.0…   178.731   1.0       [0.0056016, 0.00648689, -0.00767…       2.16954e9       -2.16954e9
 115 │ [1.42078, 0.960139, 1.08924, 1.0…   270.459   1.0       [0.0056016, 0.00648689, -0.00767…      -2.2706e9         2.2706e9
 116 │ [1.42078, 0.960139, 1.08924, 1.0…   295.053   1.0       [0.0056016, 0.00648689, -0.00767…       2.74898e9       -2.74898e9
 117 │ [1.42078, 0.960139, 1.08924, 1.0…   417.761   1.0       [0.0056016, 0.00648689, -0.00767…      -2.98305e9        2.98305e9
 118 │ [1.42078, 0.960139, 1.08924, 1.0…  4604.26    0.999996  [0.0056016, 0.00648689, -0.00767…      -1.64697e9        1.64697e9
 119 │ [1.42078, 0.960139, 1.08924, 1.0…  5152.63    0.999993  [0.0056016, 0.00648689, -0.00767…       1.19101e9       -1.191e9
 120 │ [1.42078, 0.960139, 1.08924, 1.0…    59.4315  1.0       [0.0056016, 0.00648689, -0.00767…      -7.45936e8        7.45936e8
 121 │ [1.42078, 0.960139, 1.08924, 1.0…    72.0316  1.0       [0.0056016, 0.00648689, -0.00767…       1.71236e8       -1.71236e8
 122 │ [1.42078, 0.960139, 1.08924, 1.0…    92.1289  1.0       [0.0056016, 0.00648689, -0.00767…       2.68489e8       -2.68489e8
 123 │ [1.42078, 0.960139, 1.08924, 1.0…   118.415   1.0       [0.0056016, 0.00648689, -0.00767…      -2.34977e8        2.34977e8
 124 │ [1.42078, 0.960139, 1.08924, 1.0…   149.168   1.0       [0.0056016, 0.00648689, -0.00767…      -8.85284e7        8.85286e7
 125 │ [1.42078, 0.960139, 1.08924, 1.0…   182.335   1.0       [0.0056016, 0.00648689, -0.00767…       2.37289e8       -2.37289e8
 126 │ [1.42078, 0.960139, 1.08924, 1.0…   215.671   1.0       [0.0056016, 0.00648689, -0.00767…      -5.47115e7        5.47117e7
 127 │ [1.42078, 0.960139, 1.08924, 1.0…   246.891   1.0       [0.0056016, 0.00648689, -0.00767…      -2.12038e8        2.12039e8
 128 │ [1.42078, 0.960139, 1.08924, 1.0…   273.821   1.0       [0.0056016, 0.00648689, -0.00767…       2.39597e8       -2.39597e8
 129 │ [1.42078, 0.960139, 1.08924, 1.0…   294.559   1.0       [0.0056016, 0.00648689, -0.00767…       1.20133e8       -1.20132e8
 130 │ [1.42078, 0.960139, 1.08924, 1.0…   307.631   1.0       [0.0056016, 0.00648689, -0.00767…      -6.76223e8        6.76223e8
 131 │ [1.42078, 0.960139, 1.08924, 1.0…   312.095   1.0       [0.0056016, 0.00648689, -0.00767…       4.764e8         -4.764e8
Total rms:
5.389436479090832e8
rms for energies below 10000 cm-1:
5.389436479090832e8
rms for energies below 5000 cm-1:
5.668485337849516e8
rms for energies below 1000 cm-1:
6.635826342509903e8
Error in parameters: 
error
